2026-05-01 22:48:01,420 INFO o.a.j.u.JMeterUtils: Setting Locale to en_EN
2026-05-01 22:48:01,556 INFO o.a.j.JMeter: Loading user properties from: user.properties
2026-05-01 22:48:01,556 INFO o.a.j.JMeter: Loading system properties from: system.properties
2026-05-01 22:48:01,567 INFO o.a.j.JMeter: Copyright (c) 1998-2024 The Apache Software Foundation
2026-05-01 22:48:01,567 INFO o.a.j.JMeter: Version 5.6.3
2026-05-01 22:48:01,567 INFO o.a.j.JMeter: java.version=21.0.11
2026-05-01 22:48:01,567 INFO o.a.j.JMeter: java.vm.name=OpenJDK 64-Bit Server VM
2026-05-01 22:48:01,567 INFO o.a.j.JMeter: os.name=Windows 11
2026-05-01 22:48:01,567 INFO o.a.j.JMeter: os.arch=amd64
2026-05-01 22:48:01,567 INFO o.a.j.JMeter: os.version=10.0
2026-05-01 22:48:01,567 INFO o.a.j.JMeter: file.encoding=UTF-8
2026-05-01 22:48:01,567 INFO o.a.j.JMeter: java.awt.headless=null
2026-05-01 22:48:01,567 INFO o.a.j.JMeter: Max memory     =1073741824
2026-05-01 22:48:01,567 INFO o.a.j.JMeter: Available Processors =12
2026-05-01 22:48:01,573 INFO o.a.j.JMeter: Default Locale=English (EN)
2026-05-01 22:48:01,573 INFO o.a.j.JMeter: JMeter  Locale=English (EN)
2026-05-01 22:48:01,573 INFO o.a.j.JMeter: JMeterHome=C:\Users\user\OneDrive\Softwae\apache-jmeter-5.6.3\apache-jmeter-5.6.3
2026-05-01 22:48:01,573 INFO o.a.j.JMeter: user.dir  =C:\Users\user\OneDrive\Softwae\apache-jmeter-5.6.3\apache-jmeter-5.6.3\bin
2026-05-01 22:48:01,573 INFO o.a.j.JMeter: PWD       =C:\Users\user\OneDrive\Softwae\apache-jmeter-5.6.3\apache-jmeter-5.6.3\bin
2026-05-01 22:48:01,583 INFO o.a.j.JMeter: IP: 10.109.240.81 Name: DESKTOP-VT0G3JM FullName: DESKTOP-VT0G3JM
2026-05-01 22:48:01,601 INFO o.a.j.JMeter: Loaded icon properties from org/apache/jmeter/images/icon.properties
2026-05-01 22:48:01,839 INFO o.a.j.JMeterGuiLauncher: Setting LAF to: com.github.weisj.darklaf.DarkLaf:com.github.weisj.darklaf.theme.DarculaTheme
2026-05-01 22:49:53,938 INFO o.a.j.s.FileServer: Default base='C:\Users\user\OneDrive\Softwae\apache-jmeter-5.6.3\apache-jmeter-5.6.3\bin'
2026-05-01 22:49:53,942 INFO o.a.j.g.a.Load: Loading file: C:\Users\user\OneDrive\Softwae\apache-jmeter-5.6.3\apache-jmeter-5.6.3\bin\Hello.jmx
2026-05-01 22:49:53,942 INFO o.a.j.s.FileServer: Set new base='C:\Users\user\OneDrive\Softwae\apache-jmeter-5.6.3\apache-jmeter-5.6.3\bin'
2026-05-01 22:49:54,129 INFO o.a.j.s.SaveService: Testplan (JMX) version: 2.2. Testlog (JTL) version: 2.2
2026-05-01 22:49:54,163 INFO o.a.j.s.SaveService: Using SaveService properties version 5.0
2026-05-01 22:49:54,165 INFO o.a.j.s.SaveService: Using SaveService properties file encoding UTF-8
2026-05-01 22:49:54,166 INFO o.a.j.s.SaveService: Loading file: C:\Users\user\OneDrive\Softwae\apache-jmeter-5.6.3\apache-jmeter-5.6.3\bin\Hello.jmx
2026-05-01 22:49:54,192 INFO o.a.j.p.h.s.HTTPSamplerBase: Parser for text/html is org.apache.jmeter.protocol.http.parser.LagartoBasedHtmlParser
2026-05-01 22:49:54,193 INFO o.a.j.p.h.s.HTTPSamplerBase: Parser for application/xhtml+xml is org.apache.jmeter.protocol.http.parser.LagartoBasedHtmlParser
2026-05-01 22:49:54,193 INFO o.a.j.p.h.s.HTTPSamplerBase: Parser for application/xml is org.apache.jmeter.protocol.http.parser.LagartoBasedHtmlParser
2026-05-01 22:49:54,193 INFO o.a.j.p.h.s.HTTPSamplerBase: Parser for text/xml is org.apache.jmeter.protocol.http.parser.LagartoBasedHtmlParser
2026-05-01 22:49:54,193 INFO o.a.j.p.h.s.HTTPSamplerBase: Parser for text/vnd.wap.wml is org.apache.jmeter.protocol.http.parser.RegexpHTMLParser
2026-05-01 22:49:54,193 INFO o.a.j.p.h.s.HTTPSamplerBase: Parser for text/css is org.apache.jmeter.protocol.http.parser.CssParser
2026-05-01 22:49:54,404 INFO o.a.j.s.SampleResult: Note: Sample TimeStamps are START times
2026-05-01 22:49:54,404 INFO o.a.j.s.SampleResult: sampleresult.default.encoding is set to UTF-8
2026-05-01 22:49:54,404 INFO o.a.j.s.SampleResult: sampleresult.useNanoTime=true
2026-05-01 22:49:54,404 INFO o.a.j.s.SampleResult: sampleresult.nanoThreadSleep=5000
2026-05-01 22:49:54,640 INFO o.a.j.s.FileServer: Set new base='C:\Users\user\OneDrive\Softwae\apache-jmeter-5.6.3\apache-jmeter-5.6.3\bin'
2026-05-01 22:50:27,783 INFO o.a.j.e.StandardJMeterEngine: Running the test!
2026-05-01 22:50:27,784 INFO o.a.j.s.SampleEvent: List of sample_variables: []
2026-05-01 22:50:27,784 INFO o.a.j.s.SampleEvent: List of sample_variables: []
2026-05-01 22:50:27,784 INFO o.a.j.e.u.CompoundVariable: Note: Function class names must contain the string: '.functions.'
2026-05-01 22:50:27,785 INFO o.a.j.e.u.CompoundVariable: Note: Function class names must not contain the string: '.gui.'
2026-05-01 22:50:27,835 INFO o.a.j.g.u.JMeterMenuBar: setRunning(true, *local*)
2026-05-01 22:50:27,860 INFO o.a.j.e.StandardJMeterEngine: Starting ThreadGroup: 1 : Thread Group
2026-05-01 22:50:27,860 INFO o.a.j.e.StandardJMeterEngine: Starting 10 threads for group Thread Group.
2026-05-01 22:50:27,860 INFO o.a.j.e.StandardJMeterEngine: Thread will continue on error
2026-05-01 22:50:27,860 INFO o.a.j.t.ThreadGroup: Starting thread group... number=1 threads=10 ramp-up=10 delayedStart=false
2026-05-01 22:50:27,864 INFO o.a.j.t.JMeterThread: Thread started: Thread Group 1-1
2026-05-01 22:50:27,866 INFO o.a.j.t.ThreadGroup: Started thread group number 1
2026-05-01 22:50:27,866 INFO o.a.j.e.StandardJMeterEngine: All thread groups have been started
2026-05-01 22:50:27,878 INFO o.a.j.p.h.s.HTTPHCAbstractImpl: Local host = DESKTOP-VT0G3JM
2026-05-01 22:50:27,882 INFO o.a.j.p.h.s.HTTPHC4Impl: HTTP request retry count = 0
2026-05-01 22:50:28,016 INFO o.a.j.t.JMeterThread: Thread is done: Thread Group 1-1
2026-05-01 22:50:28,017 INFO o.a.j.t.JMeterThread: Thread finished: Thread Group 1-1
2026-05-01 22:50:28,862 INFO o.a.j.t.JMeterThread: Thread started: Thread Group 1-2
2026-05-01 22:50:28,880 INFO o.a.j.t.JMeterThread: Thread is done: Thread Group 1-2
2026-05-01 22:50:28,881 INFO o.a.j.t.JMeterThread: Thread finished: Thread Group 1-2
2026-05-01 22:50:29,862 INFO o.a.j.t.JMeterThread: Thread started: Thread Group 1-3
2026-05-01 22:50:29,915 INFO o.a.j.t.JMeterThread: Thread is done: Thread Group 1-3
2026-05-01 22:50:29,917 INFO o.a.j.t.JMeterThread: Thread finished: Thread Group 1-3
2026-05-01 22:50:30,862 INFO o.a.j.t.JMeterThread: Thread started: Thread Group 1-4
2026-05-01 22:50:30,887 INFO o.a.j.t.JMeterThread: Thread is done: Thread Group 1-4
2026-05-01 22:50:30,887 INFO o.a.j.t.JMeterThread: Thread finished: Thread Group 1-4
2026-05-01 22:50:31,861 INFO o.a.j.t.JMeterThread: Thread started: Thread Group 1-5
2026-05-01 22:50:31,883 INFO o.a.j.t.JMeterThread: Thread is done: Thread Group 1-5
2026-05-01 22:50:31,883 INFO o.a.j.t.JMeterThread: Thread finished: Thread Group 1-5
2026-05-01 22:50:32,861 INFO o.a.j.t.JMeterThread: Thread started: Thread Group 1-6
2026-05-01 22:50:32,879 INFO o.a.j.t.JMeterThread: Thread is done: Thread Group 1-6
2026-05-01 22:50:32,879 INFO o.a.j.t.JMeterThread: Thread finished: Thread Group 1-6
2026-05-01 22:50:33,861 INFO o.a.j.t.JMeterThread: Thread started: Thread Group 1-7
2026-05-01 22:50:33,888 INFO o.a.j.t.JMeterThread: Thread is done: Thread Group 1-7
2026-05-01 22:50:33,888 INFO o.a.j.t.JMeterThread: Thread finished: Thread Group 1-7
2026-05-01 22:50:34,861 INFO o.a.j.t.JMeterThread: Thread started: Thread Group 1-8
2026-05-01 22:50:34,885 INFO o.a.j.t.JMeterThread: Thread is done: Thread Group 1-8
2026-05-01 22:50:34,885 INFO o.a.j.t.JMeterThread: Thread finished: Thread Group 1-8
2026-05-01 22:50:35,861 INFO o.a.j.t.JMeterThread: Thread started: Thread Group 1-9
2026-05-01 22:50:35,880 INFO o.a.j.t.JMeterThread: Thread is done: Thread Group 1-9
2026-05-01 22:50:35,880 INFO o.a.j.t.JMeterThread: Thread finished: Thread Group 1-9
2026-05-01 22:50:36,860 INFO o.a.j.t.JMeterThread: Thread started: Thread Group 1-10
2026-05-01 22:50:36,882 INFO o.a.j.t.JMeterThread: Thread is done: Thread Group 1-10
2026-05-01 22:50:36,882 INFO o.a.j.t.JMeterThread: Thread finished: Thread Group 1-10
2026-05-01 22:50:36,882 INFO o.a.j.e.StandardJMeterEngine: Notifying test listeners of end of test
2026-05-01 22:50:36,883 INFO o.a.j.g.u.JMeterMenuBar: setRunning(false, *local*)
